../Core/Src/main.c:107:6:HAL_UART_RxCpltCallback	16	static
../Core/Src/main.c:118:6:HAL_GPIO_EXTI_Callback	24	static
../Core/Src/main.c:153:5:main	56	static
../Core/Src/main.c:250:6:SystemClock_Config	72	static
../Core/Src/main.c:287:13:MX_TIM2_Init	32	static
../Core/Src/main.c:332:13:MX_USART2_UART_Init	8	static
../Core/Src/main.c:365:13:MX_GPIO_Init	32	static
../Core/Src/main.c:415:6:Process_Modbus	8	static
../Core/Src/main.c:538:6:StartDefaultTask	16	static
../Core/Src/main.c:571:6:HAL_TIM_PeriodElapsedCallback	16	static
../Core/Src/main.c:592:6:Error_Handler	4	static,ignoring_inline_asm
